dataset/UKhousing/leicester.csv
"Name","URI","Region GSS code","Period","Sales volume","Reporting period","Average price All property types","Average price Detached houses","Average price Semi-detached houses","Average price Terraced houses","Average price Flats and maisonettes","Pivotable date"
Leicester,http://landregistry.data.gov.uk/id/region/leicester,E06000016,2004-01,404,monthly,99322,176780,110423,85464,83937,2004-01-01
Leicester,http://landregistry.data.gov.uk/id/region/leicester,E06000016,2004-02,445,monthly,101755,180414,113037,87705,85780,2004-02-01
Leicester,http://landregistry.data.gov.uk/id/region/leicester,E06000016,2004-03,490,monthly,102157,180987,113261,88193,85844,2004-03-01
Leicester,http://landregistry.data.gov.uk/id/region/leicester,E06000016,2004-04,543,monthly,105538,184577,116824,91499,88562,2004-04-01
Leicester,http://landregistry.data.gov.uk/id/region/leicester,E06000016,2004-05,529,monthly,108389,187336,119508,94397,91240,2004-05-01
Leicester,http://landregistry.data.gov.uk/id/region/leicester,E06000016,2004-06,601,monthly,112186,192208,123561,97810,94971,2004-06-01
Leicester,http://landregistry.data.gov.uk/id/region/leicester,E06000016,2004-07,619,monthly,113908,194740,125608,99432,95854,2004-07-01
Leicester,http://landregistry.data.gov.uk/id/region/leicester,E06000016,2004-08,484,monthly,115858,198152,127881,101193,96994,2004-08-01
Leicester,http://landregistry.data.gov.uk/id/region/leicester,E06000016,2004-09,460,monthly,118124,202704,130556,103345,97648,2004-09-01
Leicester,http://landregistry.data.gov.uk/id/region/leicester,E06000016,2004-10,433,monthly,118884,204128,131243,103970,98688,2004-10-01
Leicester,http://landregistry.data.gov.uk/id/region/leicester,E06000016,2004-11,395,monthly,118661,203598,130986,103715,98788,2004-11-01
Leicester,http://landregistry.data.gov.uk/id/region/leicester,E06000016,2004-12,354,monthly,118499,202099,130605,103631,99338,2004-12-01
Leicester,http://landregistry.data.gov.uk/id/region/leicester,E06000016,2005-01,232,monthly,117243,199742,128850,102542,99112,2005-01-01
Leicester,http://landregistry.data.gov.uk/id/region/leicester,E06000016,2005-02,240,monthly,117798,200110,129421,102939,100159,2005-02-01
Leicester,http://landregistry.data.gov.uk/id/region/leicester,E06000016,2005-03,301,monthly,116127,197274,127687,101440,98605,2005-03-01
Leicester,http://landregistry.data.gov.uk/id/region/leicester,E06000016,2005-04,366,monthly,118283,199617,130260,103501,99781,2005-04-01
Leicester,http://landregistry.data.gov.uk/id/region/leicester,E06000016,2005-05,376,monthly,118735,200242,130537,104125,99880,2005-05-01
Leicester,http://landregistry.data.gov.uk/id/region/leicester,E06000016,2005-06,407,monthly,119755,200389,131314,105363,100854,2005-06-01
Leicester,http://landregistry.data.gov.uk/id/region/leicester,E06000016,2005-07,464,monthly,120625,201903,132186,106181,101559,2005-07-01
Leicester,http://landregistry.data.gov.uk/id/region/leicester,E06000016,2005-08,404,monthly,121998,204126,133593,107535,102437,2005-08-01
Leicester,http://landregistry.data.gov.uk/id/region/leicester,E06000016,2005-09,442,monthly,122312,205416,134077,107780,102201,2005-09-01
Leicester,http://landregistry.data.gov.uk/id/region/leicester,E06000016,2005-10,420,monthly,121165,203491,132672,106860,101254,2005-10-01
Leicester,http://landregistry.data.gov.uk/id/region/leicester,E06000016,2005-11,408,monthly,120383,201692,131943,106207,100345,2005-11-01
Leicester,http://landregistry.data.gov.uk/id/region/leicester,E06000016,2005-12,463,monthly,120835,201410,132120,106731,101398,2005-12-01
Leicester,http://landregistry.data.gov.uk/id/region/leicester,E06000016,2006-01,315,monthly,121129,201681,132249,107161,101556,2006-01-01
Leicester,http://landregistry.data.gov.uk/id/region/leicester,E06000016,2006-02,395,monthly,121305,201431,132150,107426,102124,2006-02-01
Leicester,http://landregistry.data.gov.uk/id/region/leicester,E06000016,2006-03,458,monthly,120257,200526,131260,106501,100374,2006-03-01
Leicester,http://landregistry.data.gov.uk/id/region/leicester,E06000016,2006-04,406,monthly,121591,202027,132731,107775,101399,2006-04-01
Leicester,http://landregistry.data.gov.uk/id/region/leicester,E06000016,2006-05,435,monthly,121797,202285,133055,107959,101398,2006-05-01
Leicester,http://landregistry.data.gov.uk/id/region/leicester,E06000016,2006-06,573,monthly,124406,205298,135844,110441,103584,2006-06-01
Leicester,http://landregistry.data.gov.uk/id/region/leicester,E06000016,2006-07,497,monthly,124702,205591,136073,110873,103541,2006-07-01
Leicester,http://landregistry.data.gov.uk/id/region/leicester,E06000016,2006-08,529,monthly,125558,206784,136990,111928,103427,2006-08-01
Leicester,http://landregistry.data.gov.uk/id/region/leicester,E06000016,2006-09,554,monthly,124727,206127,136031,111128,102794,2006-09-01
Leicester,http://landregistry.data.gov.uk/id/region/leicester,E06000016,2006-10,484,monthly,124493,206077,135851,110871,102499,2006-10-01
Leicester,http://landregistry.data.gov.uk/id/region/leicester,E06000016,2006-11,550,monthly,125950,208574,137585,112133,103508,2006-11-01
Leicester,http://landregistry.data.gov.uk/id/region/leicester,E06000016,2006-12,546,monthly,127443,210236,139076,113685,104565,2006-12-01
Leicester,http://landregistry.data.gov.uk/id/region/leicester,E06000016,2007-01,388,monthly,129361,213296,141186,115478,105889,2007-01-01
Leicester,http://landregistry.data.gov.uk/id/region/leicester,E06000016,2007-02,418,monthly,128699,211980,140334,114806,106017,2007-02-01
Leicester,http://landregistry.data.gov.uk/id/region/leicester,E06000016,2007-03,492,monthly,129234,212905,140912,115420,106048,2007-03-01
Leicester,http://landregistry.data.gov.uk/id/region/leicester,E06000016,2007-04,418,monthly,130612,214346,142151,116877,107297,2007-04-01
Leicester,http://landregistry.data.gov.uk/id/region/leicester,E06000016,2007-05,466,monthly,132448,216515,143910,118794,108689,2007-05-01
Leicester,http://landregistry.data.gov.uk/id/region/leicester,E06000016,2007-06,546,monthly,133672,218294,145117,119943,109881,2007-06-01
Leicester,http://landregistry.data.gov.uk/id/region/leicester,E06000016,2007-07,513,monthly,133788,218946,145273,120026,109799,2007-07-01
Leicester,http://landregistry.data.gov.uk/id/region/leicester,E06000016,2007-08,559,monthly,134574,220926,146169,120857,109598,2007-08-01
Leicester,http://landregistry.data.gov.uk/id/region/leicester,E06000016,2007-09,446,monthly,134668,221743,146393,120872,109376,2007-09-01
Leicester,http://landregistry.data.gov.uk/id/region/leicester,E06000016,2007-10,474,monthly,135317,223237,146989,121430,110089,2007-10-01
Leicester,http://landregistry.data.gov.uk/id/region/leicester,E06000016,2007-11,442,monthly,134749,223056,146537,120675,109841,2007-11-01
Leicester,http://landregistry.data.gov.uk/id/region/leicester,E06000016,2007-12,370,monthly,134369,222450,146090,120252,109913,2007-12-01
Leicester,http://landregistry.data.gov.uk/id/region/leicester,E06000016,2008-01,274,monthly,132529,219913,144150,118511,108420,2008-01-01
Leicester,http://landregistry.data.gov.uk/id/region/leicester,E06000016,2008-02,270,monthly,133357,221239,145033,119231,109209,2008-02-01
Leicester,http://landregistry.data.gov.uk/id/region/leicester,E06000016,2008-03,282,monthly,133546,221932,145523,119418,108549,2008-03-01
Leicester,http://landregistry.data.gov.uk/id/region/leicester,E06000016,2008-04,296,monthly,133917,222715,145940,119934,108172,2008-04-01
Leicester,http://landregistry.data.gov.uk/id/region/leicester,E06000016,2008-05,283,monthly,131824,218594,143713,118129,106405,2008-05-01
Leicester,http://landregistry.data.gov.uk/id/region/leicester,E06000016,2008-06,268,monthly,130569,215887,142126,117119,105763,2008-06-01
Leicester,http://landregistry.data.gov.uk/id/region/leicester,E06000016,2008-07,218,monthly,129543,213723,141365,115949,105120,2008-07-01
Leicester,http://landregistry.data.gov.uk/id/region/leicester,E06000016,2008-08,168,monthly,127963,211417,139518,114617,103733,2008-08-01
Leicester,http://landregistry.data.gov.uk/id/region/leicester,E06000016,2008-09,193,monthly,125824,209769,137108,112552,101881,2008-09-01
Leicester,http://landregistry.data.gov.uk/id/region/leicester,E06000016,2008-10,212,monthly,124893,208733,135991,111721,101136,2008-10-01
Leicester,http://landregistry.data.gov.uk/id/region/leicester,E06000016,2008-11,114,monthly,121320,203259,132450,108281,98056,2008-11-01
Leicester,http://landregistry.data.gov.uk/id/region/leicester,E06000016,2008-12,172,monthly,116354,193917,127208,103942,93761,2008-12-01
Leicester,http://landregistry.data.gov.uk/id/region/leicester,E06000016,2009-01,103,monthly,111536,186798,121909,99521,89955,2009-01-01
Leicester,http://landregistry.data.gov.uk/id/region/leicester,E06000016,2009-02,131,monthly,110071,184847,120178,98121,89193,2009-02-01
Leicester,http://landregistry.data.gov.uk/id/region/leicester,E06000016,2009-03,157,monthly,112231,189136,122455,99849,91615,2009-03-01
Leicester,http://landregistry.data.gov.uk/id/region/leicester,E06000016,2009-04,135,monthly,111537,186918,121985,99212,90946,2009-04-01
Leicester,http://landregistry.data.gov.uk/id/region/leicester,E06000016,2009-05,174,monthly,111781,186638,122251,99616,90891,2009-05-01
Leicester,http://landregistry.data.gov.uk/id/region/leicester,E06000016,2009-06,256,monthly,111151,185147,121675,99219,89760,2009-06-01
Leicester,http://landregistry.data.gov.uk/id/region/leicester,E06000016,2009-07,201,monthly,113199,188636,123864,101269,90751,2009-07-01
Leicester,http://landregistry.data.gov.uk/id/region/leicester,E06000016,2009-08,217,monthly,114999,191672,125867,103062,91472,2009-08-01
Leicester,http://landregistry.data.gov.uk/id/region/leicester,E06000016,2009-09,201,monthly,115659,192938,126749,103652,91488,2009-09-01
Leicester,http://landregistry.data.gov.uk/id/region/leicester,E06000016,2009-10,264,monthly,115396,192965,126660,103271,91002,2009-10-01
Leicester,http://landregistry.data.gov.uk/id/region/leicester,E06000016,2009-11,236,monthly,115241,193393,126412,103219,90419,2009-11-01
Leicester,http://landregistry.data.gov.uk/id/region/leicester,E06000016,2009-12,376,monthly,116596,194817,127893,104691,91107,2009-12-01
Leicester,http://landregistry.data.gov.uk/id/region/leicester,E06000016,2010-01,143,monthly,117402,196361,128728,105686,90874,2010-01-01
Leicester,http://landregistry.data.gov.uk/id/region/leicester,E06000016,2010-02,165,monthly,117738,197297,129537,105776,90568,2010-02-01
Leicester,http://landregistry.data.gov.uk/id/region/leicester,E06000016,2010-03,229,monthly,116773,197349,128578,104503,89993,2010-03-01
Leicester,http://landregistry.data.gov.uk/id/region/leicester,E06000016,2010-04,218,monthly,117182,197958,129183,104668,90664,2010-04-01
Leicester,http://landregistry.data.gov.uk/id/region/leicester,E06000016,2010-05,244,monthly,118387,200099,130311,105726,92055,2010-05-01
Leicester,http://landregistry.data.gov.uk/id/region/leicester,E06000016,2010-06,244,monthly,119853,201927,132014,107334,92324,2010-06-01
Leicester,http://landregistry.data.gov.uk/id/region/leicester,E06000016,2010-07,303,monthly,121511,205436,133737,108886,93267,2010-07-01
Leicester,http://landregistry.data.gov.uk/id/region/leicester,E06000016,2010-08,248,monthly,122784,207744,135487,109984,93520,2010-08-01
Leicester,http://landregistry.data.gov.uk/id/region/leicester,E06000016,2010-09,248,monthly,123275,209755,136031,110215,94001,2010-09-01
Leicester,http://landregistry.data.gov.uk/id/region/leicester,E06000016,2010-10,269,monthly,122842,209491,135666,109689,93651,2010-10-01
Leicester,http://landregistry.data.gov.uk/id/region/leicester,E06000016,2010-11,260,monthly,120495,206466,133013,107428,92067,2010-11-01
Leicester,http://landregistry.data.gov.uk/id/region/leicester,E06000016,2010-12,262,monthly,120662,206674,133316,107482,92278,2010-12-01
Leicester,http://landregistry.data.gov.uk/id/region/leicester,E06000016,2011-01,159,monthly,117934,202480,130291,104934,90377,2011-01-01
Leicester,http://landregistry.data.gov.uk/id/region/leicester,E06000016,2011-02,162,monthly,119033,204481,131383,105955,91309,2011-02-01
Leicester,http://landregistry.data.gov.uk/id/region/leicester,E06000016,2011-03,202,monthly,118394,204783,130613,105227,90799,2011-03-01
Leicester,http://landregistry.data.gov.uk/id/region/leicester,E06000016,2011-04,218,monthly,119436,206450,131737,106261,91352,2011-04-01
Leicester,http://landregistry.data.gov.uk/id/region/leicester,E06000016,2011-05,178,monthly,118235,203753,130411,105167,90917,2011-05-01
Leicester,http://landregistry.data.gov.uk/id/region/leicester,E06000016,2011-06,239,monthly,118368,202131,130665,105411,91404,2011-06-01
Leicester,http://landregistry.data.gov.uk/id/region/leicester,E06000016,2011-07,231,monthly,118935,202567,131316,105826,92437,2011-07-01
Leicester,http://landregistry.data.gov.uk/id/region/leicester,E06000016,2011-08,244,monthly,120307,205195,132957,107091,92829,2011-08-01
Leicester,http://landregistry.data.gov.uk/id/region/leicester,E06000016,2011-09,234,monthly,120261,205897,132862,107145,92069,2011-09-01
Leicester,http://landregistry.data.gov.uk/id/region/leicester,E06000016,2011-10,204,monthly,120414,206922,133265,107157,91571,2011-10-01
Leicester,http://landregistry.data.gov.uk/id/region/leicester,E06000016,2011-11,211,monthly,120236,206810,133216,106783,91723,2011-11-01
Leicester,http://landregistry.data.gov.uk/id/region/leicester,E06000016,2011-12,243,monthly,119474,205435,132593,105901,91353,2011-12-01
Leicester,http://landregistry.data.gov.uk/id/region/leicester,E06000016,2012-01,169,monthly,119941,205766,133137,106322,91910,2012-01-01
Leicester,http://landregistry.data.gov.uk/id/region/leicester,E06000016,2012-02,161,monthly,117830,201686,130773,104706,89723,2012-02-01
Leicester,http://landregistry.data.gov.uk/id/region/leicester,E06000016,2012-03,200,monthly,119152,202778,132148,106084,90824,2012-03-01
Leicester,http://landregistry.data.gov.uk/id/region/leicester,E06000016,2012-04,145,monthly,117490,199951,130223,104659,89548,2012-04-01
Leicester,http://landregistry.data.gov.uk/id/region/leicester,E06000016,2012-05,194,monthly,118155,201011,130908,105221,90294,2012-05-01
Leicester,http://landregistry.data.gov.uk/id/region/leicester,E06000016,2012-06,232,monthly,118417,201416,130937,105672,90374,2012-06-01
Leicester,http://landregistry.data.gov.uk/id/region/leicester,E06000016,2012-07,204,monthly,120370,204138,133015,107657,91561,2012-07-01
Leicester,http://landregistry.data.gov.uk/id/region/leicester,E06000016,2012-08,225,monthly,122405,207303,135266,109723,92485,2012-08-01
Leicester,http://landregistry.data.gov.uk/id/region/leicester,E06000016,2012-09,181,monthly,121885,206995,134815,109138,91930,2012-09-01
Leicester,http://landregistry.data.gov.uk/id/region/leicester,E06000016,2012-10,203,monthly,122006,207299,135046,109095,92241,2012-10-01
Leicester,http://landregistry.data.gov.uk/id/region/leicester,E06000016,2012-11,218,monthly,121879,207440,134951,108810,92414,2012-11-01
Leicester,http://landregistry.data.gov.uk/id/region/leicester,E06000016,2012-12,223,monthly,121613,207654,134793,108404,92142,2012-12-01
Leicester,http://landregistry.data.gov.uk/id/region/leicester,E06000016,2013-01,155,monthly,121520,207740,134970,108230,91667,2013-01-01
Leicester,http://landregistry.data.gov.uk/id/region/leicester,E06000016,2013-02,157,monthly,121815,208258,135262,108512,91864,2013-02-01
Leicester,http://landregistry.data.gov.uk/id/region/leicester,E06000016,2013-03,203,monthly,121934,208908,135510,108569,91666,2013-03-01
Leicester,http://landregistry.data.gov.uk/id/region/leicester,E06000016,2013-04,191,monthly,121896,209000,135229,108633,91740,2013-04-01
Leicester,http://landregistry.data.gov.uk/id/region/leicester,E06000016,2013-05,248,monthly,122723,210247,136217,109295,92547,2013-05-01
Leicester,http://landregistry.data.gov.uk/id/region/leicester,E06000016,2013-06,243,monthly,123315,210008,136788,110015,93060,2013-06-01
Leicester,http://landregistry.data.gov.uk/id/region/leicester,E06000016,2013-07,241,monthly,123502,209680,136853,110351,93203,2013-07-01
Leicester,http://landregistry.data.gov.uk/id/region/leicester,E06000016,2013-08,280,monthly,124123,210555,137464,111001,93584,2013-08-01
Leicester,http://landregistry.data.gov.uk/id/region/leicester,E06000016,2013-09,229,monthly,125927,214878,139522,112462,94794,2013-09-01
Leicester,http://landregistry.data.gov.uk/id/region/leicester,E06000016,2013-10,201,monthly,126206,216598,140110,112451,94765,2013-10-01
Leicester,http://landregistry.data.gov.uk/id/region/leicester,E06000016,2013-11,251,monthly,125567,216280,139588,111748,94007,2013-11-01
Leicester,http://landregistry.data.gov.uk/id/region/leicester,E06000016,2013-12,241,monthly,124318,213364,138276,110630,93261,2013-12-01
Leicester,http://landregistry.data.gov.uk/id/region/leicester,E06000016,2014-01,271,monthly,125784,215628,139819,111967,94541,2014-01-01
Leicester,http://landregistry.data.gov.uk/id/region/leicester,E06000016,2014-02,300,monthly,126878,217690,141028,112940,95377,2014-02-01
Leicester,http://landregistry.data.gov.uk/id/region/leicester,E06000016,2014-03,278,monthly,127339,218629,141607,113248,95861,2014-03-01
Leicester,http://landregistry.data.gov.uk/id/region/leicester,E06000016,2014-04,275,monthly,128099,219421,142441,114019,96369,2014-04-01
Leicester,http://landregistry.data.gov.uk/id/region/leicester,E06000016,2014-05,279,monthly,128149,218736,142354,114127,96726,2014-05-01
Leicester,http://landregistry.data.gov.uk/id/region/leicester,E06000016,2014-06,332,monthly,130193,222090,144584,116123,97883,2014-06-01
Leicester,http://landregistry.data.gov.uk/id/region/leicester,E06000016,2014-07,346,monthly,130253,222066,144648,116258,97750,2014-07-01
Leicester,http://landregistry.data.gov.uk/id/region/leicester,E06000016,2014-08,334,monthly,131306,224096,146006,117297,97876,2014-08-01
Leicester,http://landregistry.data.gov.uk/id/region/leicester,E06000016,2014-09,297,monthly,131037,223705,145683,117079,97622,2014-09-01
