dataset/UKhousing/leicester.csv
"Name","URI","Region GSS code","Period","Sales volume","Reporting period","Average price All property types","Average price Detached houses","Average price Semi-detached houses","Average price Terraced houses","Average price Flats and maisonettes","Pivotable date"
Leicester,http://landregistry.data.gov.uk/id/region/leicester,E06000016,2014-10,350,monthly,131894,225693,146833,117664,98280,2014-10-01
Leicester,http://landregistry.data.gov.uk/id/region/leicester,E06000016,2014-11,271,monthly,131191,224924,146201,116891,97784,2014-11-01
Leicester,http://landregistry.data.gov.uk/id/region/leicester,E06000016,2014-12,338,monthly,131430,225823,146517,116926,98210,2014-12-01
Leicester,http://landregistry.data.gov.uk/id/region/leicester,E06000016,2015-01,218,monthly,131505,225941,146556,116952,98459,2015-01-01
Leicester,http://landregistry.data.gov.uk/id/region/leicester,E06000016,2015-02,260,monthly,133388,229332,148322,118496,100749,2015-02-01
Leicester,http://landregistry.data.gov.uk/id/region/leicester,E06000016,2015-03,299,monthly,132951,229030,148047,117877,100667,2015-03-01
Leicester,http://landregistry.data.gov.uk/id/region/leicester,E06000016,2015-04,231,monthly,134531,232099,149752,119318,101679,2015-04-01
Leicester,http://landregistry.data.gov.uk/id/region/leicester,E06000016,2015-05,301,monthly,134063,231067,149569,118879,100910,2015-05-01
Leicester,http://landregistry.data.gov.uk/id/region/leicester,E06000016,2015-06,314,monthly,135172,232269,150807,120205,100840,2015-06-01
Leicester,http://landregistry.data.gov.uk/id/region/leicester,E06000016,2015-07,337,monthly,135164,231664,151006,120177,100783,2015-07-01
Leicester,http://landregistry.data.gov.uk/id/region/leicester,E06000016,2015-08,339,monthly,137166,235089,153156,122097,101941,2015-08-01
Leicester,http://landregistry.data.gov.uk/id/region/leicester,E06000016,2015-09,362,monthly,139993,241152,156267,124427,104279,2015-09-01
Leicester,http://landregistry.data.gov.uk/id/region/leicester,E06000016,2015-10,319,monthly,140200,242312,156588,124595,104016,2015-10-01
Leicester,http://landregistry.data.gov.uk/id/region/leicester,E06000016,2015-11,327,monthly,140256,242926,156804,124527,104002,2015-11-01
Leicester,http://landregistry.data.gov.uk/id/region/leicester,E06000016,2015-12,351,monthly,140363,243541,157087,124561,103844,2015-12-01
Leicester,http://landregistry.data.gov.uk/id/region/leicester,E06000016,2016-01,260,monthly,142324,246674,159423,126222,105436,2016-01-01
Leicester,http://landregistry.data.gov.uk/id/region/leicester,E06000016,2016-02,281,monthly,144270,249997,161768,127880,106854,2016-02-01
Leicester,http://landregistry.data.gov.uk/id/region/leicester,E06000016,2016-03,572,monthly,144014,248485,161412,127654,107202,2016-03-01
Leicester,http://landregistry.data.gov.uk/id/region/leicester,E06000016,2016-04,223,monthly,143906,249009,161237,127607,106761,2016-04-01
Leicester,http://landregistry.data.gov.uk/id/region/leicester,E06000016,2016-05,259,monthly,145751,251861,162806,129404,108558,2016-05-01
Leicester,http://landregistry.data.gov.uk/id/region/leicester,E06000016,2016-06,294,monthly,148119,256710,165384,131518,110093,2016-06-01
Leicester,http://landregistry.data.gov.uk/id/region/leicester,E06000016,2016-07,295,monthly,150041,259129,167225,133332,112031,2016-07-01
Leicester,http://landregistry.data.gov.uk/id/region/leicester,E06000016,2016-08,307,monthly,149313,258208,166548,132606,111395,2016-08-01
Leicester,http://landregistry.data.gov.uk/id/region/leicester,E06000016,2016-09,310,monthly,149960,259359,167445,133127,111751,2016-09-01
Leicester,http://landregistry.data.gov.uk/id/region/leicester,E06000016,2016-10,342,monthly,151550,263528,169580,134153,113099,2016-10-01
Leicester,http://landregistry.data.gov.uk/id/region/leicester,E06000016,2016-11,319,monthly,151925,265773,170284,134148,113445,2016-11-01
Leicester,http://landregistry.data.gov.uk/id/region/leicester,E06000016,2016-12,303,monthly,152755,267889,171075,134729,114569,2016-12-01
Leicester,http://landregistry.data.gov.uk/id/region/leicester,E06000016,2017-01,223,monthly,150315,263884,168115,132562,113077,2017-01-01
Leicester,http://landregistry.data.gov.uk/id/region/leicester,E06000016,2017-02,251,monthly,151327,265199,168844,133544,114320,2017-02-01
Leicester,http://landregistry.data.gov.uk/id/region/leicester,E06000016,2017-03,315,monthly,152368,267378,170056,134235,115572,2017-03-01
Leicester,http://landregistry.data.gov.uk/id/region/leicester,E06000016,2017-04,261,monthly,155313,272212,173231,136786,118179,2017-04-01
Leicester,http://landregistry.data.gov.uk/id/region/leicester,E06000016,2017-05,249,monthly,155287,271374,173593,136563,118392,2017-05-01
Leicester,http://landregistry.data.gov.uk/id/region/leicester,E06000016,2017-06,306,monthly,156174,271556,174364,137479,119392,2017-06-01
Leicester,http://landregistry.data.gov.uk/id/region/leicester,E06000016,2017-07,291,monthly,157865,273657,176370,139069,120506,2017-07-01
Leicester,http://landregistry.data.gov.uk/id/region/leicester,E06000016,2017-08,330,monthly,161720,280089,180519,142732,123044,2017-08-01
Leicester,http://landregistry.data.gov.uk/id/region/leicester,E06000016,2017-09,290,monthly,162169,281453,181155,143128,123046,2017-09-01
Leicester,http://landregistry.data.gov.uk/id/region/leicester,E06000016,2017-10,317,monthly,162157,282545,181488,142931,122735,2017-10-01
Leicester,http://landregistry.data.gov.uk/id/region/leicester,E06000016,2017-11,313,monthly,161994,283145,181800,142694,121957,2017-11-01
Leicester,http://landregistry.data.gov.uk/id/region/leicester,E06000016,2017-12,290,monthly,162814,284540,183133,143474,121891,2017-12-01
Leicester,http://landregistry.data.gov.uk/id/region/leicester,E06000016,2018-01,212,monthly,165538,288972,186164,145911,123954,2018-01-01
Leicester,http://landregistry.data.gov.uk/id/region/leicester,E06000016,2018-02,277,monthly,166441,291025,186825,146685,125000,2018-02-01
Leicester,http://landregistry.data.gov.uk/id/region/leicester,E06000016,2018-03,264,monthly,165212,288972,185331,145730,123919,2018-03-01
Leicester,http://landregistry.data.gov.uk/id/region/leicester,E06000016,2018-04,268,monthly,165742,290130,186078,146476,123378,2018-04-01
Leicester,http://landregistry.data.gov.uk/id/region/leicester,E06000016,2018-05,295,monthly,166020,290114,186621,146858,123097,2018-05-01
Leicester,http://landregistry.data.gov.uk/id/region/leicester,E06000016,2018-06,289,monthly,170059,297276,191483,150267,125978,2018-06-01
Leicester,http://landregistry.data.gov.uk/id/region/leicester,E06000016,2018-07,300,monthly,169342,296110,190566,149524,125824,2018-07-01
Leicester,http://landregistry.data.gov.uk/id/region/leicester,E06000016,2018-08,316,monthly,171367,299446,192795,151395,127274,2018-08-01
Leicester,http://landregistry.data.gov.uk/id/region/leicester,E06000016,2018-09,281,monthly,170960,298985,192146,151117,126976,2018-09-01
Leicester,http://landregistry.data.gov.uk/id/region/leicester,E06000016,2018-10,332,monthly,172765,302286,194398,152685,128020,2018-10-01
Leicester,http://landregistry.data.gov.uk/id/region/leicester,E06000016,2018-11,349,monthly,173244,304192,195337,152996,127738,2018-11-01
Leicester,http://landregistry.data.gov.uk/id/region/leicester,E06000016,2018-12,264,monthly,174632,306662,197191,154088,128646,2018-12-01
Leicester,http://landregistry.data.gov.uk/id/region/leicester,E06000016,2019-01,227,monthly,172451,303634,194898,151998,126933,2019-01-01
Leicester,http://landregistry.data.gov.uk/id/region/leicester,E06000016,2019-02,246,monthly,168644,297634,190379,148485,124628,2019-02-01
Leicester,http://landregistry.data.gov.uk/id/region/leicester,E06000016,2019-03,248,monthly,166813,295108,188451,146914,122721,2019-03-01
Leicester,http://landregistry.data.gov.uk/id/region/leicester,E06000016,2019-04,212,monthly,169579,299313,191375,149600,124711,2019-04-01
Leicester,http://landregistry.data.gov.uk/id/region/leicester,E06000016,2019-05,253,monthly,174050,305829,196607,153874,127323,2019-05-01
Leicester,http://landregistry.data.gov.uk/id/region/leicester,E06000016,2019-06,214,monthly,176246,308588,199042,155914,129215,2019-06-01
Leicester,http://landregistry.data.gov.uk/id/region/leicester,E06000016,2019-07,281,monthly,176434,308472,199132,156180,129498,2019-07-01
Leicester,http://landregistry.data.gov.uk/id/region/leicester,E06000016,2019-08,278,monthly,177161,309585,199761,156942,130118,2019-08-01
Leicester,http://landregistry.data.gov.uk/id/region/leicester,E06000016,2019-09,266,monthly,177683,310729,199801,157661,130685,2019-09-01
Leicester,http://landregistry.data.gov.uk/id/region/leicester,E06000016,2019-10,259,monthly,178447,312026,201276,158203,130514,2019-10-01
Leicester,http://landregistry.data.gov.uk/id/region/leicester,E06000016,2019-11,278,monthly,177150,309877,200429,156864,128923,2019-11-01
Leicester,http://landregistry.data.gov.uk/id/region/leicester,E06000016,2019-12,236,monthly,178941,312733,203224,158434,128983,2019-12-01
Leicester,http://landregistry.data.gov.uk/id/region/leicester,E06000016,2020-01,215,monthly,179341,314405,203683,158796,128813,2020-01-01
Leicester,http://landregistry.data.gov.uk/id/region/leicester,E06000016,2020-02,220,monthly,181625,318964,206005,160818,130661,2020-02-01
Leicester,http://landregistry.data.gov.uk/id/region/leicester,E06000016,2020-03,174,monthly,183663,323425,208099,162428,132597,2020-03-01
Leicester,http://landregistry.data.gov.uk/id/region/leicester,E06000016,2020-04,94,monthly,182362,322001,206544,161548,130794,2020-04-01
Leicester,http://landregistry.data.gov.uk/id/region/leicester,E06000016,2020-05,133,monthly,182411,322862,206860,161451,130479,2020-05-01
Leicester,http://landregistry.data.gov.uk/id/region/leicester,E06000016,2020-06,140,monthly,182286,322052,206954,161501,129847,2020-06-01
Leicester,http://landregistry.data.gov.uk/id/region/leicester,E06000016,2020-07,156,monthly,187085,328803,212375,165661,134182,2020-07-01
Leicester,http://landregistry.data.gov.uk/id/region/leicester,E06000016,2020-08,159,monthly,187323,328758,212765,166016,133993,2020-08-01
Leicester,http://landregistry.data.gov.uk/id/region/leicester,E06000016,2020-09,169,monthly,186777,328463,212064,165533,133468,2020-09-01
Leicester,http://landregistry.data.gov.uk/id/region/leicester,E06000016,2020-10,245,monthly,188013,331432,213428,166699,133937,2020-10-01
Leicester,http://landregistry.data.gov.uk/id/region/leicester,E06000016,2020-11,230,monthly,192200,338388,217787,170628,137155,2020-11-01
Leicester,http://landregistry.data.gov.uk/id/region/leicester,E06000016,2020-12,226,monthly,194416,341859,220117,172848,138557,2020-12-01
Leicester,http://landregistry.data.gov.uk/id/region/leicester,E06000016,2021-01,197,monthly,197035,347177,223335,175128,139887,2021-01-01
Leicester,http://landregistry.data.gov.uk/id/region/leicester,E06000016,2021-02,234,monthly,198303,350289,224773,176439,140053,2021-02-01
Leicester,http://landregistry.data.gov.uk/id/region/leicester,E06000016,2021-03,333,monthly,202319,357923,229524,180131,142099,2021-03-01
Leicester,http://landregistry.data.gov.uk/id/region/leicester,E06000016,2021-04,211,monthly,201631,356463,228386,179749,141750,2021-04-01
Leicester,http://landregistry.data.gov.uk/id/region/leicester,E06000016,2021-05,214,monthly,202466,358522,229587,180500,141655,2021-05-01
Leicester,http://landregistry.data.gov.uk/id/region/leicester,E06000016,2021-06,342,monthly,203955,360836,230972,182371,141985,2021-06-01
Leicester,http://landregistry.data.gov.uk/id/region/leicester,E06000016,2021-07,96,monthly,203885,361461,231523,181959,141438,2021-07-01
Leicester,http://landregistry.data.gov.uk/id/region/leicester,E06000016,2021-08,122,monthly,205625,365561,234139,183221,141902,2021-08-01
Leicester,http://landregistry.data.gov.uk/id/region/leicester,E06000016,2021-09,129,monthly,203578,363568,232393,180867,140195,2021-09-01
Leicester,http://landregistry.data.gov.uk/id/region/leicester,E06000016,2021-10,,monthly,207970,374817,237555,184433,142603,2021-10-01
Leicester,http://landregistry.data.gov.uk/id/region/leicester,E06000016,2021-11,,monthly,206712,374746,236680,182999,140815,2021-11-01
